// Jest Snapshot v1, https://goo.gl/fbAQLP

exports[`App should render correctly in "debug" mode 1`] = `
<ContextConsumer>
  <Component />
</ContextConsumer>
`;

exports[`App should render correctly with no props 1`] = `
<ContextConsumer>
  <Component />
</ContextConsumer>
`;
